MPLINK 5.09, LINKER
Linker Map File - Created Tue Aug  6 16:11:17 2019

                                 Section Info
                  Section       Type    Address   Location Size(Bytes)
                ---------  ---------  ---------  ---------  ---------
                   .org_1       code   0x000000    program   0x000006
                   .org_2       code   0x000004    program   0x000454
                   .cinit    romdata   0x00022e    program   0x000004
                  .idlocs       code   0x008000    program   0x000008
.config_8007_BUILD/DEFAULT/PRODUCTION/_EXT/95       code   0x008007    program   0x000002
.config_8008_BUILD/DEFAULT/PRODUCTION/_EXT/95       code   0x008008    program   0x000002
                   .org_0       code   0x00f000    program   0x00000a



                              Program Memory Usage 
                               Start         End      
                           ---------   ---------      
                            0x000000    0x000002      
                            0x000004    0x00022f      
                            0x008000    0x008003      
                            0x008007    0x008008      
                            0x00f000    0x00f004      
            570 out of 2311 program addresses used, program memory utilization is 24%



                              Symbols - Sorted by Name
                     Name    Address   Location    Storage File                     
                ---------  ---------  ---------  --------- ---------                
                 ClampInt   0x000186    program     static /Projects/SM_Ctrl_RC_Servo/Firmware/RCServoSWMachine.asm
               ClampInt_1   0x000193    program     static /Projects/SM_Ctrl_RC_Servo/Firmware/RCServoSWMachine.asm
         ClampInt_tooHigh   0x0001a2    program     static /Projects/SM_Ctrl_RC_Servo/Firmware/RCServoSWMachine.asm
          ClampInt_tooLow   0x00019d    program     static /Projects/SM_Ctrl_RC_Servo/Firmware/RCServoSWMachine.asm
                 ClearRam   0x0001b6    program     static /Projects/SM_Ctrl_RC_Servo/Firmware/F1822_Common.inc
              ClearRam_L2   0x0001c1    program     static /Projects/SM_Ctrl_RC_Servo/Firmware/F1822_Common.inc
              Copy7CToSig   0x000113    program     static /Projects/SM_Ctrl_RC_Servo/Firmware/RCServoSWMachine.asm
            Copy7CToSig_1   0x00011b    program     static /Projects/SM_Ctrl_RC_Servo/Firmware/RCServoSWMachine.asm
           CopyPos1ToDest   0x00012d    program     static /Projects/SM_Ctrl_RC_Servo/Firmware/RCServoSWMachine.asm
           CopyPos1ToTemp   0x000137    program     static /Projects/SM_Ctrl_RC_Servo/Firmware/RCServoSWMachine.asm
           CopyPos2ToDest   0x000132    program     static /Projects/SM_Ctrl_RC_Servo/Firmware/RCServoSWMachine.asm
           CopyPos2ToTemp   0x00013c    program     static /Projects/SM_Ctrl_RC_Servo/Firmware/RCServoSWMachine.asm
            CopyPosToDest   0x00012a    program     static /Projects/SM_Ctrl_RC_Servo/Firmware/RCServoSWMachine.asm
            CopyPosToTemp   0x000127    program     static /Projects/SM_Ctrl_RC_Servo/Firmware/RCServoSWMachine.asm
            CopyTempToPos   0x000124    program     static /Projects/SM_Ctrl_RC_Servo/Firmware/RCServoSWMachine.asm
           CopyTempToPos1   0x000141    program     static /Projects/SM_Ctrl_RC_Servo/Firmware/RCServoSWMachine.asm
           CopyTempToPos2   0x000146    program     static /Projects/SM_Ctrl_RC_Servo/Firmware/RCServoSWMachine.asm
                CopyToRam   0x0001c6    program     static /Projects/SM_Ctrl_RC_Servo/Firmware/F1822_Common.inc
             CopyToRam_L1   0x0001cc    program     static /Projects/SM_Ctrl_RC_Servo/Firmware/F1822_Common.inc
                 DecTimer   0x0001ec    program     static /Projects/SM_Ctrl_RC_Servo/Firmware/F1822_Common.inc
                DecTimer1   0x0001eb    program     static /Projects/SM_Ctrl_RC_Servo/Firmware/F1822_Common.inc
                DecTimer2   0x0001e9    program     static /Projects/SM_Ctrl_RC_Servo/Firmware/F1822_Common.inc
                DecTimer3   0x0001e7    program     static /Projects/SM_Ctrl_RC_Servo/Firmware/F1822_Common.inc
                DecTimer4   0x0001e5    program     static /Projects/SM_Ctrl_RC_Servo/Firmware/F1822_Common.inc
               Delay100uS   0x000206    program     static /Projects/SM_Ctrl_RC_Servo/Firmware/F1822_Common.inc
                Delay10uS   0x000204    program     static /Projects/SM_Ctrl_RC_Servo/Firmware/F1822_Common.inc
                Delay40uS   0x000208    program     static /Projects/SM_Ctrl_RC_Servo/Firmware/F1822_Common.inc
                 DelayWuS   0x000209    program     static /Projects/SM_Ctrl_RC_Servo/Firmware/F1822_Common.inc
            DelayWuS_Loop   0x00020a    program     static /Projects/SM_Ctrl_RC_Servo/Firmware/F1822_Common.inc
                   EERead   0x00020e    program     static /Projects/SM_Ctrl_RC_Servo/Firmware/F1822_Common.inc
                  EEReadW   0x00020d    program     static /Projects/SM_Ctrl_RC_Servo/Firmware/F1822_Common.inc
                  EEWrite   0x000218    program     static /Projects/SM_Ctrl_RC_Servo/Firmware/F1822_Common.inc
              EEWriteLoop   0x00022a    program     static /Projects/SM_Ctrl_RC_Servo/Firmware/F1822_Common.inc
                 EEWriteW   0x000217    program     static /Projects/SM_Ctrl_RC_Servo/Firmware/F1822_Common.inc
                    IRQ_2   0x000027    program     static /Projects/SM_Ctrl_RC_Servo/Firmware/RCServoSWMachine.asm
               IRQ_Servo1   0x000027    program     static /Projects/SM_Ctrl_RC_Servo/Firmware/RCServoSWMachine.asm
             IRQ_Servo1_1   0x000030    program     static /Projects/SM_Ctrl_RC_Servo/Firmware/RCServoSWMachine.asm
           IRQ_Servo1_End   0x000056    program     static /Projects/SM_Ctrl_RC_Servo/Firmware/RCServoSWMachine.asm
            IRQ_Servo1_OL   0x000048    program     static /Projects/SM_Ctrl_RC_Servo/Firmware/RCServoSWMachine.asm
             IRQ_Servo1_X   0x000054    program     static /Projects/SM_Ctrl_RC_Servo/Firmware/RCServoSWMachine.asm
                 LED2_End   0x000026    program     static /Projects/SM_Ctrl_RC_Servo/Firmware/RCServoSWMachine.asm
              ML_Btns_Dec   0x0000a8    program     static /Projects/SM_Ctrl_RC_Servo/Firmware/RCServoSWMachine.asm
              ML_Btns_End   0x0000b8    program     static /Projects/SM_Ctrl_RC_Servo/Firmware/RCServoSWMachine.asm
              ML_Btns_Inc   0x00009d    program     static /Projects/SM_Ctrl_RC_Servo/Firmware/RCServoSWMachine.asm
             ML_Btns_Save   0x0000b5    program     static /Projects/SM_Ctrl_RC_Servo/Firmware/RCServoSWMachine.asm
             ML_CmdNormal   0x0000ca    program     static /Projects/SM_Ctrl_RC_Servo/Firmware/RCServoSWMachine.asm
                 MainLoop   0x00008d    program     static /Projects/SM_Ctrl_RC_Servo/Firmware/RCServoSWMachine.asm
                 Move_End   0x000112    program     static /Projects/SM_Ctrl_RC_Servo/Firmware/RCServoSWMachine.asm
                  Move_It   0x0000d6    program     static /Projects/SM_Ctrl_RC_Servo/Firmware/RCServoSWMachine.asm
             Move_It_Dest   0x000109    program     static /Projects/SM_Ctrl_RC_Servo/Firmware/RCServoSWMachine.asm
              Move_It_NIP   0x0000e7    program     static /Projects/SM_Ctrl_RC_Servo/Firmware/RCServoSWMachine.asm
              Move_It_Neg   0x000101    program     static /Projects/SM_Ctrl_RC_Servo/Firmware/RCServoSWMachine.asm
              Move_It_New   0x0000fc    program     static /Projects/SM_Ctrl_RC_Servo/Firmware/RCServoSWMachine.asm
              Move_It_Now   0x00010d    program     static /Projects/SM_Ctrl_RC_Servo/Firmware/RCServoSWMachine.asm
            Norm_Debounce   0x0000d4    program     static /Projects/SM_Ctrl_RC_Servo/Firmware/RCServoSWMachine.asm
       Param7D_LE_Param79   0x0001a7    program     static /Projects/SM_Ctrl_RC_Servo/Firmware/RCServoSWMachine.asm
             Rev_Debounce   0x0000c8    program     static /Projects/SM_Ctrl_RC_Servo/Firmware/RCServoSWMachine.asm
             SS_CmdNormal   0x00015b    program     static /Projects/SM_Ctrl_RC_Servo/Firmware/RCServoSWMachine.asm
               SS_Move_It   0x000161    program     static /Projects/SM_Ctrl_RC_Servo/Firmware/RCServoSWMachine.asm
            SS_Start_Loop   0x00014f    program     static /Projects/SM_Ctrl_RC_Servo/Firmware/RCServoSWMachine.asm
               SaveParams   0x0001d5    program     static /Projects/SM_Ctrl_RC_Servo/Firmware/F1822_Common.inc
            SaveParams_L1   0x0001db    program     static /Projects/SM_Ctrl_RC_Servo/Firmware/F1822_Common.inc
             SetDestAsCur   0x00017f    program     static /Projects/SM_Ctrl_RC_Servo/Firmware/RCServoSWMachine.asm
        SetMiddlePosition   0x000176    program     static /Projects/SM_Ctrl_RC_Servo/Firmware/RCServoSWMachine.asm
                  SetTrue   0x0001b4    program     static /Projects/SM_Ctrl_RC_Servo/Firmware/RCServoSWMachine.asm
             Set_Dest_End   0x0000d7    program     static /Projects/SM_Ctrl_RC_Servo/Firmware/RCServoSWMachine.asm
               StartServo   0x00014b    program     static /Projects/SM_Ctrl_RC_Servo/Firmware/RCServoSWMachine.asm
            SystemBlink_1   0x000018    program     static /Projects/SM_Ctrl_RC_Servo/Firmware/RCServoSWMachine.asm
          SystemBlink_end   0x00001e    program     static /Projects/SM_Ctrl_RC_Servo/Firmware/RCServoSWMachine.asm
              TestT1_Zero   0x000201    program     static /Projects/SM_Ctrl_RC_Servo/Firmware/F1822_Common.inc
              TestT2_Zero   0x0001fe    program     static /Projects/SM_Ctrl_RC_Servo/Firmware/F1822_Common.inc
              TestT3_Zero   0x0001fb    program     static /Projects/SM_Ctrl_RC_Servo/Firmware/F1822_Common.inc
              TestT4_Zero   0x0001f8    program     static /Projects/SM_Ctrl_RC_Servo/Firmware/F1822_Common.inc
                    start   0x000057    program     static /Projects/SM_Ctrl_RC_Servo/Firmware/RCServoSWMachine.asm



                              Symbols - Sorted by Address
                     Name    Address   Location    Storage File                     
                ---------  ---------  ---------  --------- ---------                
            SystemBlink_1   0x000018    program     static /Projects/SM_Ctrl_RC_Servo/Firmware/RCServoSWMachine.asm
          SystemBlink_end   0x00001e    program     static /Projects/SM_Ctrl_RC_Servo/Firmware/RCServoSWMachine.asm
                 LED2_End   0x000026    program     static /Projects/SM_Ctrl_RC_Servo/Firmware/RCServoSWMachine.asm
               IRQ_Servo1   0x000027    program     static /Projects/SM_Ctrl_RC_Servo/Firmware/RCServoSWMachine.asm
                    IRQ_2   0x000027    program     static /Projects/SM_Ctrl_RC_Servo/Firmware/RCServoSWMachine.asm
             IRQ_Servo1_1   0x000030    program     static /Projects/SM_Ctrl_RC_Servo/Firmware/RCServoSWMachine.asm
            IRQ_Servo1_OL   0x000048    program     static /Projects/SM_Ctrl_RC_Servo/Firmware/RCServoSWMachine.asm
             IRQ_Servo1_X   0x000054    program     static /Projects/SM_Ctrl_RC_Servo/Firmware/RCServoSWMachine.asm
           IRQ_Servo1_End   0x000056    program     static /Projects/SM_Ctrl_RC_Servo/Firmware/RCServoSWMachine.asm
                    start   0x000057    program     static /Projects/SM_Ctrl_RC_Servo/Firmware/RCServoSWMachine.asm
                 MainLoop   0x00008d    program     static /Projects/SM_Ctrl_RC_Servo/Firmware/RCServoSWMachine.asm
              ML_Btns_Inc   0x00009d    program     static /Projects/SM_Ctrl_RC_Servo/Firmware/RCServoSWMachine.asm
              ML_Btns_Dec   0x0000a8    program     static /Projects/SM_Ctrl_RC_Servo/Firmware/RCServoSWMachine.asm
             ML_Btns_Save   0x0000b5    program     static /Projects/SM_Ctrl_RC_Servo/Firmware/RCServoSWMachine.asm
              ML_Btns_End   0x0000b8    program     static /Projects/SM_Ctrl_RC_Servo/Firmware/RCServoSWMachine.asm
             Rev_Debounce   0x0000c8    program     static /Projects/SM_Ctrl_RC_Servo/Firmware/RCServoSWMachine.asm
             ML_CmdNormal   0x0000ca    program     static /Projects/SM_Ctrl_RC_Servo/Firmware/RCServoSWMachine.asm
            Norm_Debounce   0x0000d4    program     static /Projects/SM_Ctrl_RC_Servo/Firmware/RCServoSWMachine.asm
                  Move_It   0x0000d6    program     static /Projects/SM_Ctrl_RC_Servo/Firmware/RCServoSWMachine.asm
             Set_Dest_End   0x0000d7    program     static /Projects/SM_Ctrl_RC_Servo/Firmware/RCServoSWMachine.asm
              Move_It_NIP   0x0000e7    program     static /Projects/SM_Ctrl_RC_Servo/Firmware/RCServoSWMachine.asm
              Move_It_New   0x0000fc    program     static /Projects/SM_Ctrl_RC_Servo/Firmware/RCServoSWMachine.asm
              Move_It_Neg   0x000101    program     static /Projects/SM_Ctrl_RC_Servo/Firmware/RCServoSWMachine.asm
             Move_It_Dest   0x000109    program     static /Projects/SM_Ctrl_RC_Servo/Firmware/RCServoSWMachine.asm
              Move_It_Now   0x00010d    program     static /Projects/SM_Ctrl_RC_Servo/Firmware/RCServoSWMachine.asm
                 Move_End   0x000112    program     static /Projects/SM_Ctrl_RC_Servo/Firmware/RCServoSWMachine.asm
              Copy7CToSig   0x000113    program     static /Projects/SM_Ctrl_RC_Servo/Firmware/RCServoSWMachine.asm
            Copy7CToSig_1   0x00011b    program     static /Projects/SM_Ctrl_RC_Servo/Firmware/RCServoSWMachine.asm
            CopyTempToPos   0x000124    program     static /Projects/SM_Ctrl_RC_Servo/Firmware/RCServoSWMachine.asm
            CopyPosToTemp   0x000127    program     static /Projects/SM_Ctrl_RC_Servo/Firmware/RCServoSWMachine.asm
            CopyPosToDest   0x00012a    program     static /Projects/SM_Ctrl_RC_Servo/Firmware/RCServoSWMachine.asm
           CopyPos1ToDest   0x00012d    program     static /Projects/SM_Ctrl_RC_Servo/Firmware/RCServoSWMachine.asm
           CopyPos2ToDest   0x000132    program     static /Projects/SM_Ctrl_RC_Servo/Firmware/RCServoSWMachine.asm
           CopyPos1ToTemp   0x000137    program     static /Projects/SM_Ctrl_RC_Servo/Firmware/RCServoSWMachine.asm
           CopyPos2ToTemp   0x00013c    program     static /Projects/SM_Ctrl_RC_Servo/Firmware/RCServoSWMachine.asm
           CopyTempToPos1   0x000141    program     static /Projects/SM_Ctrl_RC_Servo/Firmware/RCServoSWMachine.asm
           CopyTempToPos2   0x000146    program     static /Projects/SM_Ctrl_RC_Servo/Firmware/RCServoSWMachine.asm
               StartServo   0x00014b    program     static /Projects/SM_Ctrl_RC_Servo/Firmware/RCServoSWMachine.asm
            SS_Start_Loop   0x00014f    program     static /Projects/SM_Ctrl_RC_Servo/Firmware/RCServoSWMachine.asm
             SS_CmdNormal   0x00015b    program     static /Projects/SM_Ctrl_RC_Servo/Firmware/RCServoSWMachine.asm
               SS_Move_It   0x000161    program     static /Projects/SM_Ctrl_RC_Servo/Firmware/RCServoSWMachine.asm
        SetMiddlePosition   0x000176    program     static /Projects/SM_Ctrl_RC_Servo/Firmware/RCServoSWMachine.asm
             SetDestAsCur   0x00017f    program     static /Projects/SM_Ctrl_RC_Servo/Firmware/RCServoSWMachine.asm
                 ClampInt   0x000186    program     static /Projects/SM_Ctrl_RC_Servo/Firmware/RCServoSWMachine.asm
               ClampInt_1   0x000193    program     static /Projects/SM_Ctrl_RC_Servo/Firmware/RCServoSWMachine.asm
          ClampInt_tooLow   0x00019d    program     static /Projects/SM_Ctrl_RC_Servo/Firmware/RCServoSWMachine.asm
         ClampInt_tooHigh   0x0001a2    program     static /Projects/SM_Ctrl_RC_Servo/Firmware/RCServoSWMachine.asm
       Param7D_LE_Param79   0x0001a7    program     static /Projects/SM_Ctrl_RC_Servo/Firmware/RCServoSWMachine.asm
                  SetTrue   0x0001b4    program     static /Projects/SM_Ctrl_RC_Servo/Firmware/RCServoSWMachine.asm
                 ClearRam   0x0001b6    program     static /Projects/SM_Ctrl_RC_Servo/Firmware/F1822_Common.inc
              ClearRam_L2   0x0001c1    program     static /Projects/SM_Ctrl_RC_Servo/Firmware/F1822_Common.inc
                CopyToRam   0x0001c6    program     static /Projects/SM_Ctrl_RC_Servo/Firmware/F1822_Common.inc
             CopyToRam_L1   0x0001cc    program     static /Projects/SM_Ctrl_RC_Servo/Firmware/F1822_Common.inc
               SaveParams   0x0001d5    program     static /Projects/SM_Ctrl_RC_Servo/Firmware/F1822_Common.inc
            SaveParams_L1   0x0001db    program     static /Projects/SM_Ctrl_RC_Servo/Firmware/F1822_Common.inc
                DecTimer4   0x0001e5    program     static /Projects/SM_Ctrl_RC_Servo/Firmware/F1822_Common.inc
                DecTimer3   0x0001e7    program     static /Projects/SM_Ctrl_RC_Servo/Firmware/F1822_Common.inc
                DecTimer2   0x0001e9    program     static /Projects/SM_Ctrl_RC_Servo/Firmware/F1822_Common.inc
                DecTimer1   0x0001eb    program     static /Projects/SM_Ctrl_RC_Servo/Firmware/F1822_Common.inc
                 DecTimer   0x0001ec    program     static /Projects/SM_Ctrl_RC_Servo/Firmware/F1822_Common.inc
              TestT4_Zero   0x0001f8    program     static /Projects/SM_Ctrl_RC_Servo/Firmware/F1822_Common.inc
              TestT3_Zero   0x0001fb    program     static /Projects/SM_Ctrl_RC_Servo/Firmware/F1822_Common.inc
              TestT2_Zero   0x0001fe    program     static /Projects/SM_Ctrl_RC_Servo/Firmware/F1822_Common.inc
              TestT1_Zero   0x000201    program     static /Projects/SM_Ctrl_RC_Servo/Firmware/F1822_Common.inc
                Delay10uS   0x000204    program     static /Projects/SM_Ctrl_RC_Servo/Firmware/F1822_Common.inc
               Delay100uS   0x000206    program     static /Projects/SM_Ctrl_RC_Servo/Firmware/F1822_Common.inc
                Delay40uS   0x000208    program     static /Projects/SM_Ctrl_RC_Servo/Firmware/F1822_Common.inc
                 DelayWuS   0x000209    program     static /Projects/SM_Ctrl_RC_Servo/Firmware/F1822_Common.inc
            DelayWuS_Loop   0x00020a    program     static /Projects/SM_Ctrl_RC_Servo/Firmware/F1822_Common.inc
                  EEReadW   0x00020d    program     static /Projects/SM_Ctrl_RC_Servo/Firmware/F1822_Common.inc
                   EERead   0x00020e    program     static /Projects/SM_Ctrl_RC_Servo/Firmware/F1822_Common.inc
                 EEWriteW   0x000217    program     static /Projects/SM_Ctrl_RC_Servo/Firmware/F1822_Common.inc
                  EEWrite   0x000218    program     static /Projects/SM_Ctrl_RC_Servo/Firmware/F1822_Common.inc
              EEWriteLoop   0x00022a    program     static /Projects/SM_Ctrl_RC_Servo/Firmware/F1822_Common.inc


